Archive member included because of file (symbol)

c:/winavr-20090313/bin/../lib/gcc/avr/4.3.2/avr5\libgcc.a(_udivmodqi4.o)
                              ./HAL/EF_DS1307.o (__udivmodqi4)
c:/winavr-20090313/bin/../lib/gcc/avr/4.3.2/avr5\libgcc.a(_udivmodhi4.o)
                              ./HAL/EF_7Segment.o (__udivmodhi4)
c:/winavr-20090313/bin/../lib/gcc/avr/4.3.2/avr5\libgcc.a(_divmodhi4.o)
                              ./MCAL/EF_PWM.o (__divmodhi4)
c:/winavr-20090313/bin/../lib/gcc/avr/4.3.2/avr5\libgcc.a(_udivmodsi4.o)
                              ./MCAL/EF_UART.o (__udivmodsi4)
c:/winavr-20090313/bin/../lib/gcc/avr/4.3.2/avr5\libgcc.a(_exit.o)
                              c:/winavr-20090313/bin/../lib/gcc/avr/4.3.2/../../../../avr/lib/avr5/crtm32.o (exit)
c:/winavr-20090313/bin/../lib/gcc/avr/4.3.2/avr5\libgcc.a(_copy_data.o)
                              ./MCAL/EF_UART.o (__do_copy_data)
c:/winavr-20090313/bin/../lib/gcc/avr/4.3.2/avr5\libgcc.a(_clear_bss.o)
                              ./MCAL/EF_SpechialTIMER.o (__do_clear_bss)
c:/winavr-20090313/bin/../lib/gcc/avr/4.3.2/avr5\libgcc.a(_fixunssfsi.o)
                              ./HAL/EF_SkyLabGPS.o (__fixunssfsi)
c:/winavr-20090313/bin/../lib/gcc/avr/4.3.2/avr5\libgcc.a(_addsub_sf.o)
                              ./HAL/EF_SkyLabGPS.o (__subsf3)
c:/winavr-20090313/bin/../lib/gcc/avr/4.3.2/avr5\libgcc.a(_mul_sf.o)
                              ./HAL/EF_SkyLabGPS.o (__mulsf3)
c:/winavr-20090313/bin/../lib/gcc/avr/4.3.2/avr5\libgcc.a(_div_sf.o)
                              ./HAL/EF_SkyLabGPS.o (__divsf3)
c:/winavr-20090313/bin/../lib/gcc/avr/4.3.2/avr5\libgcc.a(_ge_sf.o)
                              c:/winavr-20090313/bin/../lib/gcc/avr/4.3.2/avr5\libgcc.a(_fixunssfsi.o) (__gesf2)
c:/winavr-20090313/bin/../lib/gcc/avr/4.3.2/avr5\libgcc.a(_sf_to_si.o)
                              c:/winavr-20090313/bin/../lib/gcc/avr/4.3.2/avr5\libgcc.a(_fixunssfsi.o) (__fixsfsi)
c:/winavr-20090313/bin/../lib/gcc/avr/4.3.2/avr5\libgcc.a(_thenan_sf.o)
                              c:/winavr-20090313/bin/../lib/gcc/avr/4.3.2/avr5\libgcc.a(_addsub_sf.o) (__thenan_sf)
c:/winavr-20090313/bin/../lib/gcc/avr/4.3.2/avr5\libgcc.a(_usi_to_sf.o)
                              ./HAL/EF_SkyLabGPS.o (__floatunsisf)
c:/winavr-20090313/bin/../lib/gcc/avr/4.3.2/avr5\libgcc.a(_prologue.o)
                              c:/winavr-20090313/bin/../lib/gcc/avr/4.3.2/avr5\libgcc.a(_addsub_sf.o) (__prologue_saves__)
c:/winavr-20090313/bin/../lib/gcc/avr/4.3.2/avr5\libgcc.a(_epilogue.o)
                              c:/winavr-20090313/bin/../lib/gcc/avr/4.3.2/avr5\libgcc.a(_addsub_sf.o) (__epilogue_restores__)
c:/winavr-20090313/bin/../lib/gcc/avr/4.3.2/avr5\libgcc.a(_clzsi2.o)
                              c:/winavr-20090313/bin/../lib/gcc/avr/4.3.2/avr5\libgcc.a(_usi_to_sf.o) (__clzsi2)
c:/winavr-20090313/bin/../lib/gcc/avr/4.3.2/avr5\libgcc.a(_pack_sf.o)
                              c:/winavr-20090313/bin/../lib/gcc/avr/4.3.2/avr5\libgcc.a(_addsub_sf.o) (__pack_f)
c:/winavr-20090313/bin/../lib/gcc/avr/4.3.2/avr5\libgcc.a(_unpack_sf.o)
                              c:/winavr-20090313/bin/../lib/gcc/avr/4.3.2/avr5\libgcc.a(_addsub_sf.o) (__unpack_f)
c:/winavr-20090313/bin/../lib/gcc/avr/4.3.2/avr5\libgcc.a(_fpcmp_parts_sf.o)
                              c:/winavr-20090313/bin/../lib/gcc/avr/4.3.2/avr5\libgcc.a(_ge_sf.o) (__fpcmp_parts_f)
c:/winavr-20090313/bin/../lib/gcc/avr/4.3.2/avr5\libgcc.a(_clz.o)
                              c:/winavr-20090313/bin/../lib/gcc/avr/4.3.2/avr5\libgcc.a(_clzsi2.o) (__clz_tab)
c:/winavr-20090313/bin/../lib/gcc/avr/4.3.2/../../../../avr/lib/avr5\libc.a(strncmp.o)
                              ./HAL/EF_SkyLabGPS.o (strncmp)
c:/winavr-20090313/bin/../lib/gcc/avr/4.3.2/../../../../avr/lib/avr5\libc.a(itoa.o)
                              ./HAL/EF_LCD.o (itoa)
c:/winavr-20090313/bin/../lib/gcc/avr/4.3.2/../../../../avr/lib/avr5\libc.a(strrev.o)
                              c:/winavr-20090313/bin/../lib/gcc/avr/4.3.2/../../../../avr/lib/avr5\libc.a(itoa.o) (strrev)

Allocating common symbols
Common symbol       size              file

Hours               0x1               ./main.o
string              0x5               ./main.o
temp                0x2               ./main.o
Mintes              0x1               ./main.o
ReturnFromGetPosition
                    0x1               ./HAL/EF_SkyLabGPS.o
Seconds             0x1               ./main.o

Memory Configuration

Name             Origin             Length             Attributes
text             0x00000000         0x00020000         xr
data             0x00800060         0x0000ffa0         rw !x
eeprom           0x00810000         0x00010000         rw !x
fuse             0x00820000         0x00000400         rw !x
lock             0x00830000         0x00000400         rw !x
signature        0x00840000         0x00000400         rw !x
*default*        0x00000000         0xffffffff

Linker script and memory map

LOAD c:/winavr-20090313/bin/../lib/gcc/avr/4.3.2/../../../../avr/lib/avr5/crtm32.o
LOAD ./MCAL/EF_ADC.o
LOAD ./MCAL/EF_DIO.o
LOAD ./MCAL/EF_EEPROM.o
LOAD ./MCAL/EF_I2C.o
LOAD ./MCAL/EF_InputCapture.o
LOAD ./MCAL/EF_PWM.o
LOAD ./MCAL/EF_SPI.o
LOAD ./MCAL/EF_SpechialTIMER.o
LOAD ./MCAL/EF_Timer.o
LOAD ./MCAL/EF_UART.o
LOAD ./HAL/EF_7Segment.o
LOAD ./HAL/EF_DS1307.o
LOAD ./HAL/EF_E2PROM_24C16.o
LOAD ./HAL/EF_Keypad.o
LOAD ./HAL/EF_LCD.o
LOAD ./HAL/EF_SkyLabGPS.o
LOAD ./HAL/EF_UltraSonic.o
LOAD ./HAL/EF_Wavecom.o
LOAD ./main.o
LOAD c:/winavr-20090313/bin/../lib/gcc/avr/4.3.2/avr5\libgcc.a
LOAD c:/winavr-20090313/bin/../lib/gcc/avr/4.3.2/../../../../avr/lib/avr5\libc.a
LOAD c:/winavr-20090313/bin/../lib/gcc/avr/4.3.2/avr5\libgcc.a

.hash
 *(.hash)

.dynsym
 *(.dynsym)

.dynstr
 *(.dynstr)

.gnu.version
 *(.gnu.version)

.gnu.version_d
 *(.gnu.version_d)

.gnu.version_r
 *(.gnu.version_r)

.rel.init
 *(.rel.init)

.rela.init
 *(.rela.init)

.rel.text
 *(.rel.text)
 *(.rel.text.*)
 *(.rel.gnu.linkonce.t*)

.rela.text
 *(.rela.text)
 *(.rela.text.*)
 *(.rela.gnu.linkonce.t*)

.rel.fini
 *(.rel.fini)

.rela.fini
 *(.rela.fini)

.rel.rodata
 *(.rel.rodata)
 *(.rel.rodata.*)
 *(.rel.gnu.linkonce.r*)

.rela.rodata
 *(.rela.rodata)
 *(.rela.rodata.*)
 *(.rela.gnu.linkonce.r*)

.rel.data
 *(.rel.data)
 *(.rel.data.*)
 *(.rel.gnu.linkonce.d*)

.rela.data
 *(.rela.data)
 *(.rela.data.*)
 *(.rela.gnu.linkonce.d*)

.rel.ctors
 *(.rel.ctors)

.rela.ctors
 *(.rela.ctors)

.rel.dtors
 *(.rel.dtors)

.rela.dtors
 *(.rela.dtors)

.rel.got
 *(.rel.got)

.rela.got
 *(.rela.got)

.rel.bss
 *(.rel.bss)

.rela.bss
 *(.rela.bss)

.rel.plt
 *(.rel.plt)

.rela.plt
 *(.rela.plt)

.text           0x00000000     0x2e8c
 *(.vectors)
 .vectors       0x00000000       0x54 c:/winavr-20090313/bin/../lib/gcc/avr/4.3.2/../../../../avr/lib/avr5/crtm32.o
                0x00000000                __vectors
                0x00000000                __vector_default
 *(.vectors)
 *(.progmem.gcc*)
 *(.progmem*)
                0x00000054                . = ALIGN (0x2)
                0x00000054                __trampolines_start = .
 *(.trampolines)
 .trampolines   0x00000054        0x0 linker stubs
 *(.trampolines*)
                0x00000054                __trampolines_end = .
 *(.jumptables)
 *(.jumptables*)
 *(.lowtext)
 *(.lowtext*)
                0x00000054                __ctors_start = .
 *(.ctors)
                0x00000054                __ctors_end = .
                0x00000054                __dtors_start = .
 *(.dtors)
                0x00000054                __dtors_end = .
 SORT(*)(.ctors)
 SORT(*)(.dtors)
 *(.init0)
 .init0         0x00000054        0x0 c:/winavr-20090313/bin/../lib/gcc/avr/4.3.2/../../../../avr/lib/avr5/crtm32.o
                0x00000054                __init
 *(.init0)
 *(.init1)
 *(.init1)
 *(.init2)
 .init2         0x00000054        0xc c:/winavr-20090313/bin/../lib/gcc/avr/4.3.2/../../../../avr/lib/avr5/crtm32.o
 *(.init2)
 *(.init3)
 *(.init3)
 *(.init4)
 .init4         0x00000060       0x16 c:/winavr-20090313/bin/../lib/gcc/avr/4.3.2/avr5\libgcc.a(_copy_data.o)
                0x00000060                __do_copy_data
 .init4         0x00000076       0x10 c:/winavr-20090313/bin/../lib/gcc/avr/4.3.2/avr5\libgcc.a(_clear_bss.o)
                0x00000076                __do_clear_bss
 *(.init4)
 *(.init5)
 *(.init5)
 *(.init6)
 *(.init6)
 *(.init7)
 *(.init7)
 *(.init8)
 *(.init8)
 *(.init9)
 .init9         0x00000086        0x8 c:/winavr-20090313/bin/../lib/gcc/avr/4.3.2/../../../../avr/lib/avr5/crtm32.o
 *(.init9)
 *(.text)
 .text          0x0000008e        0x4 c:/winavr-20090313/bin/../lib/gcc/avr/4.3.2/../../../../avr/lib/avr5/crtm32.o
                0x0000008e                __vector_1
                0x0000008e                __vector_12
                0x0000008e                __bad_interrupt
                0x0000008e                __vector_6
                0x0000008e                __vector_3
                0x0000008e                __vector_11
                0x0000008e                __vector_13
                0x0000008e                __vector_17
                0x0000008e                __vector_19
                0x0000008e                __vector_7
                0x0000008e                __vector_4
                0x0000008e                __vector_9
                0x0000008e                __vector_15
                0x0000008e                __vector_8
                0x0000008e                __vector_14
                0x0000008e                __vector_10
                0x0000008e                __vector_16
                0x0000008e                __vector_18
                0x0000008e                __vector_20
 .text          0x00000092        0x0 ./MCAL/EF_ADC.o
 .text          0x00000092        0x0 ./MCAL/EF_DIO.o
 .text          0x00000092        0x0 ./MCAL/EF_EEPROM.o
 .text          0x00000092        0x0 ./MCAL/EF_I2C.o
 .text          0x00000092        0x0 ./MCAL/EF_InputCapture.o
 .text          0x00000092        0x0 ./MCAL/EF_PWM.o
 .text          0x00000092        0x0 ./MCAL/EF_SPI.o
 .text          0x00000092        0x0 ./MCAL/EF_SpechialTIMER.o
 .text          0x00000092        0x0 ./MCAL/EF_Timer.o
 .text          0x00000092        0x0 ./MCAL/EF_UART.o
 .text          0x00000092        0x0 ./HAL/EF_7Segment.o
 .text          0x00000092        0x0 ./HAL/EF_DS1307.o
 .text          0x00000092        0x0 ./HAL/EF_E2PROM_24C16.o
 .text          0x00000092        0x0 ./HAL/EF_Keypad.o
 .text          0x00000092        0x0 ./HAL/EF_LCD.o
 .text          0x00000092        0x0 ./HAL/EF_SkyLabGPS.o
 .text          0x00000092        0x0 ./HAL/EF_UltraSonic.o
 .text          0x00000092        0x0 ./HAL/EF_Wavecom.o
 .text          0x00000092        0x0 ./main.o
 .text          0x00000092        0x0 c:/winavr-20090313/bin/../lib/gcc/avr/4.3.2/avr5\libgcc.a(_udivmodqi4.o)
 .text          0x00000092        0x0 c:/winavr-20090313/bin/../lib/gcc/avr/4.3.2/avr5\libgcc.a(_udivmodhi4.o)
 .text          0x00000092        0x0 c:/winavr-20090313/bin/../lib/gcc/avr/4.3.2/avr5\libgcc.a(_divmodhi4.o)
 .text          0x00000092        0x0 c:/winavr-20090313/bin/../lib/gcc/avr/4.3.2/avr5\libgcc.a(_udivmodsi4.o)
 .text          0x00000092        0x0 c:/winavr-20090313/bin/../lib/gcc/avr/4.3.2/avr5\libgcc.a(_exit.o)
 .text          0x00000092        0x0 c:/winavr-20090313/bin/../lib/gcc/avr/4.3.2/avr5\libgcc.a(_copy_data.o)
 .text          0x00000092        0x0 c:/winavr-20090313/bin/../lib/gcc/avr/4.3.2/avr5\libgcc.a(_clear_bss.o)
 .text          0x00000092       0x58 c:/winavr-20090313/bin/../lib/gcc/avr/4.3.2/avr5\libgcc.a(_fixunssfsi.o)
                0x00000092                __fixunssfsi
 .text          0x000000ea      0x354 c:/winavr-20090313/bin/../lib/gcc/avr/4.3.2/avr5\libgcc.a(_addsub_sf.o)
                0x00000382                __subsf3
                0x000003e4                __addsf3
 .text          0x0000043e      0x1f4 c:/winavr-20090313/bin/../lib/gcc/avr/4.3.2/avr5\libgcc.a(_mul_sf.o)
                0x0000043e                __mulsf3
 .text          0x00000632      0x158 c:/winavr-20090313/bin/../lib/gcc/avr/4.3.2/avr5\libgcc.a(_div_sf.o)
                0x00000632                __divsf3
 .text          0x0000078a       0x60 c:/winavr-20090313/bin/../lib/gcc/avr/4.3.2/avr5\libgcc.a(_ge_sf.o)
                0x0000078a                __gesf2
 .text          0x000007ea       0xa8 c:/winavr-20090313/bin/../lib/gcc/avr/4.3.2/avr5\libgcc.a(_sf_to_si.o)
                0x000007ea                __fixsfsi
 .text          0x00000892        0x0 c:/winavr-20090313/bin/../lib/gcc/avr/4.3.2/avr5\libgcc.a(_thenan_sf.o)
 .text          0x00000892       0xf2 c:/winavr-20090313/bin/../lib/gcc/avr/4.3.2/avr5\libgcc.a(_usi_to_sf.o)
                0x00000892                __floatunsisf
 .text          0x00000984        0x0 c:/winavr-20090313/bin/../lib/gcc/avr/4.3.2/avr5\libgcc.a(_prologue.o)
 .text          0x00000984        0x0 c:/winavr-20090313/bin/../lib/gcc/avr/4.3.2/avr5\libgcc.a(_epilogue.o)
 .text          0x00000984       0x9e c:/winavr-20090313/bin/../lib/gcc/avr/4.3.2/avr5\libgcc.a(_clzsi2.o)
                0x00000984                __clzsi2
 .text          0x00000a22      0x1aa c:/winavr-20090313/bin/../lib/gcc/avr/4.3.2/avr5\libgcc.a(_pack_sf.o)
                0x00000a22                __pack_f
 .text          0x00000bcc       0xf0 c:/winavr-20090313/bin/../lib/gcc/avr/4.3.2/avr5\libgcc.a(_unpack_sf.o)
                0x00000bcc                __unpack_f
 .text          0x00000cbc       0xb2 c:/winavr-20090313/bin/../lib/gcc/avr/4.3.2/avr5\libgcc.a(_fpcmp_parts_sf.o)
                0x00000cbc                __fpcmp_parts_f
 .text          0x00000d6e        0x0 c:/winavr-20090313/bin/../lib/gcc/avr/4.3.2/avr5\libgcc.a(_clz.o)
 .text          0x00000d6e       0x1c c:/winavr-20090313/bin/../lib/gcc/avr/4.3.2/../../../../avr/lib/avr5\libc.a(strncmp.o)
                0x00000d6e                strncmp
 .text          0x00000d8a       0x42 c:/winavr-20090313/bin/../lib/gcc/avr/4.3.2/../../../../avr/lib/avr5\libc.a(itoa.o)
                0x00000d8a                itoa
 .text          0x00000dcc       0x20 c:/winavr-20090313/bin/../lib/gcc/avr/4.3.2/../../../../avr/lib/avr5\libc.a(strrev.o)
                0x00000dcc                strrev
                0x00000dec                . = ALIGN (0x2)
 *(.text.*)
 .text.EF_u16_ADC_read
                0x00000dec       0x20 ./MCAL/EF_ADC.o
                0x00000dec                EF_u16_ADC_read
 .text.EF_void_ADC_init
                0x00000e0c       0x12 ./MCAL/EF_ADC.o
                0x00000e0c                EF_void_ADC_init
 .text.EF_S8_DIO_InitPort
                0x00000e1e       0x44 ./MCAL/EF_DIO.o
                0x00000e1e                EF_S8_DIO_InitPort
 .text.EF_S8_DIO_WritePort
                0x00000e62       0x44 ./MCAL/EF_DIO.o
                0x00000e62                EF_S8_DIO_WritePort
 .text.EF_S16_DIO_ReadPort
                0x00000ea6       0x58 ./MCAL/EF_DIO.o
                0x00000ea6                EF_S16_DIO_ReadPort
 .text.EF_B_DIO_InitPin
                0x00000efe      0x122 ./MCAL/EF_DIO.o
                0x00000efe                EF_B_DIO_InitPin
 .text.EF_S8_DIO_SetPin
                0x00001020       0x92 ./MCAL/EF_DIO.o
                0x00001020                EF_S8_DIO_SetPin
 .text.EF_S8_DIO_ClearPin
                0x000010b2       0x9c ./MCAL/EF_DIO.o
                0x000010b2                EF_S8_DIO_ClearPin
 .text.EF_S8_DIO_SetPort
                0x0000114e       0x4c ./MCAL/EF_DIO.o
                0x0000114e                EF_S8_DIO_SetPort
 .text.EF_S8_DIO_ClearPort
                0x0000119a       0x44 ./MCAL/EF_DIO.o
                0x0000119a                EF_S8_DIO_ClearPort
 .text.EF_S8_DIO_TogglePin
                0x000011de       0x92 ./MCAL/EF_DIO.o
                0x000011de                EF_S8_DIO_TogglePin
 .text.EF_S8_DIO_CheckPin
                0x00001270       0x58 ./MCAL/EF_DIO.o
                0x00001270                EF_S8_DIO_CheckPin
 .text.EF_void_EEPROM_WriteByte
                0x000012c8       0x10 ./MCAL/EF_EEPROM.o
                0x000012c8                EF_void_EEPROM_WriteByte
 .text.EF_u8_EPROM_ReadByte
                0x000012d8       0x16 ./MCAL/EF_EEPROM.o
                0x000012d8                EF_u8_EPROM_ReadByte
 .text.EF_void_EEPROM_WriteNBytes
                0x000012ee       0x2a ./MCAL/EF_EEPROM.o
                0x000012ee                EF_void_EEPROM_WriteNBytes
 .text.EF_void_EEPROM_ReadNBytes
                0x00001318       0x32 ./MCAL/EF_EEPROM.o
                0x00001318                EF_void_EEPROM_ReadNBytes
 .text.EF_void_EEPROM_Erase
                0x0000134a       0x20 ./MCAL/EF_EEPROM.o
                0x0000134a                EF_void_EEPROM_Erase
 .text.EF_void_I2C_Write
                0x0000136a        0xe ./MCAL/EF_I2C.o
                0x0000136a                EF_void_I2C_Write
 .text.EF_void_I2C_Start
                0x00001378        0xc ./MCAL/EF_I2C.o
                0x00001378                EF_void_I2C_Start
 .text.EF_void_I2C_Stop
                0x00001384        0x6 ./MCAL/EF_I2C.o
                0x00001384                EF_void_I2C_Stop
 .text.EF_void_I2C_Init
                0x0000138a        0xc ./MCAL/EF_I2C.o
                0x0000138a                EF_void_I2C_Init
 .text.EF_U8_I2C_Read_Byte
                0x00001396       0x16 ./MCAL/EF_I2C.o
                0x00001396                EF_U8_I2C_Read_Byte
 .text.EF_void_InputCapture_Init
                0x000013ac        0x4 ./MCAL/EF_InputCapture.o
                0x000013ac                EF_void_InputCapture_Init
 .text.EF_BOOLEAN_InputCapture_GetPeriod
                0x000013b0       0xb6 ./MCAL/EF_InputCapture.o
                0x000013b0                EF_BOOLEAN_InputCapture_GetPeriod
 .text.EF_BOOLEAN_InputCapture_GetPulse
                0x00001466       0xba ./MCAL/EF_InputCapture.o
                0x00001466                EF_BOOLEAN_InputCapture_GetPulse
 .text.EF_void_PWM_init
                0x00001520       0x10 ./MCAL/EF_PWM.o
                0x00001520                EF_void_PWM_init
 .text.EF_void_PWM_SetDutyValue
                0x00001530        0x8 ./MCAL/EF_PWM.o
                0x00001530                EF_void_PWM_SetDutyValue
 .text.EF_void_PWM_SetDutyCycle
                0x00001538       0x1a ./MCAL/EF_PWM.o
                0x00001538                EF_void_PWM_SetDutyCycle
 .text.EF_SpiTransfer
                0x00001552        0xa ./MCAL/EF_SPI.o
                0x00001552                EF_SpiTransfer
 .text.EF_BOOLEAN_SpiTransfer
                0x0000155c       0x3c ./MCAL/EF_SPI.o
                0x0000155c                EF_BOOLEAN_SpiTransfer
 .text.EF_SpiInit
                0x00001598       0x20 ./MCAL/EF_SPI.o
                0x00001598                EF_SpiInit
 .text.EF_void_TimerISRCallback
                0x000015b8       0x46 ./MCAL/EF_SpechialTIMER.o
 .text.EF_void_TimerDelete
                0x000015fe       0x22 ./MCAL/EF_SpechialTIMER.o
                0x000015fe                EF_void_TimerDelete
 .text.EF_void_TimerCreate
                0x00001620       0x2a ./MCAL/EF_SpechialTIMER.o
                0x00001620                EF_void_TimerCreate
 .text.EF_void_TimersUpdate
                0x0000164a       0x46 ./MCAL/EF_SpechialTIMER.o
                0x0000164a                EF_void_TimersUpdate
 .text.EF_BOOLEAN_TimerCheck
                0x00001690       0x20 ./MCAL/EF_SpechialTIMER.o
                0x00001690                EF_BOOLEAN_TimerCheck
 .text.EF_void_TimerStart
                0x000016b0       0x22 ./MCAL/EF_SpechialTIMER.o
                0x000016b0                EF_void_TimerStart
 .text.EF_void_TimerStop
                0x000016d2       0x18 ./MCAL/EF_SpechialTIMER.o
                0x000016d2                EF_void_TimerStop
 .text.EF_void_TimerReset
                0x000016ea       0x1a ./MCAL/EF_SpechialTIMER.o
                0x000016ea                EF_void_TimerReset
 .text.EF_void_TimerInit
                0x00001704       0x38 ./MCAL/EF_SpechialTIMER.o
                0x00001704                EF_void_TimerInit
 .text.EF_void_Timer_PORTinit
                0x0000173c       0x1a ./MCAL/EF_Timer.o
                0x0000173c                EF_void_Timer_PORTinit
 .text.EF_void_Timer_SetISRCallBack
                0x00001756        0xa ./MCAL/EF_Timer.o
                0x00001756                EF_void_Timer_SetISRCallBack
 .text.EF_void_Timer_RemoveTimerISRCallBack
                0x00001760        0xa ./MCAL/EF_Timer.o
                0x00001760                EF_void_Timer_RemoveTimerISRCallBack
 .text.__vector_5
                0x0000176a       0x5c ./MCAL/EF_Timer.o
                0x0000176a                __vector_5
 .text.EF_u8_UART_WaitChar
                0x000017c6        0x8 ./MCAL/EF_UART.o
                0x000017c6                EF_u8_UART_WaitChar
 .text.EF_void_UART_PutChar
                0x000017ce        0x8 ./MCAL/EF_UART.o
                0x000017ce                EF_void_UART_PutChar
 .text.EF_void_UART_SendArray
                0x000017d6       0x18 ./MCAL/EF_UART.o
                0x000017d6                EF_void_UART_SendArray
 .text.EF_BOOLEAN_UART_PutChar
                0x000017ee       0x34 ./MCAL/EF_UART.o
                0x000017ee                EF_BOOLEAN_UART_PutChar
 .text.EF_BOOLEAN_UART_GetChar
                0x00001822       0x38 ./MCAL/EF_UART.o
                0x00001822                EF_BOOLEAN_UART_GetChar
 .text.EF_void_UART_Init
                0x0000185a       0xaa ./MCAL/EF_UART.o
                0x0000185a                EF_void_UART_Init
 .text.EF_void_Segment_Display
                0x00001904      0x130 ./HAL/EF_7Segment.o
                0x00001904                EF_void_Segment_Display
 .text.EF_void_Segment_Init
                0x00001a34       0x12 ./HAL/EF_7Segment.o
                0x00001a34                EF_void_Segment_Init
 .text.EF_void_DS1307_SetDate
                0x00001a46       0x6a ./HAL/EF_DS1307.o
                0x00001a46                EF_void_DS1307_SetDate
 .text.EF_void_DS1307_SetTime
                0x00001ab0       0x6a ./HAL/EF_DS1307.o
                0x00001ab0                EF_void_DS1307_SetTime
 .text.EF_void_DS1307_GetDate
                0x00001b1a       0x9a ./HAL/EF_DS1307.o
                0x00001b1a                EF_void_DS1307_GetDate
 .text.EF_void_DS1307_GetTime
                0x00001bb4       0x9a ./HAL/EF_DS1307.o
                0x00001bb4                EF_void_DS1307_GetTime
 .text.EF_void_DS1307_Init
                0x00001c4e       0x28 ./HAL/EF_DS1307.o
                0x00001c4e                EF_void_DS1307_Init
 .text.EF_void_EEPROM24C16_Read_Byte
                0x00001c76       0x38 ./HAL/EF_E2PROM_24C16.o
                0x00001c76                EF_void_EEPROM24C16_Read_Byte
 .text.EF_void_EEPROM24C16_Write_Byte
                0x00001cae       0x36 ./HAL/EF_E2PROM_24C16.o
                0x00001cae                EF_void_EEPROM24C16_Write_Byte
 .text.EF_void_EEPROM24C16_Init
                0x00001ce4        0x6 ./HAL/EF_E2PROM_24C16.o
                0x00001ce4                EF_void_EEPROM24C16_Init
 .text.EF_u8_KeyPad_Scan
                0x00001cea       0xde ./HAL/EF_Keypad.o
                0x00001cea                EF_u8_KeyPad_Scan
 .text.EF_void_KeyPad_Init
                0x00001dc8       0x22 ./HAL/EF_Keypad.o
                0x00001dc8                EF_void_KeyPad_Init
 .text.EF_void_LCD_send_command
                0x00001dea       0x52 ./HAL/EF_LCD.o
                0x00001dea                EF_void_LCD_send_command
 .text.EF_void_LCD_init
                0x00001e3c       0x3c ./HAL/EF_LCD.o
                0x00001e3c                EF_void_LCD_init
 .text.EF_void_LCD_send_data
                0x00001e78       0x52 ./HAL/EF_LCD.o
                0x00001e78                EF_void_LCD_send_data
 .text.EF_void_LCD_goto
                0x00001eca       0x42 ./HAL/EF_LCD.o
                0x00001eca                EF_void_LCD_goto
 .text.EF_void_LCD_print
                0x00001f0c       0x26 ./HAL/EF_LCD.o
                0x00001f0c                EF_void_LCD_print
 .text.EF_void_LCD_print_ByLength
                0x00001f32       0x26 ./HAL/EF_LCD.o
                0x00001f32                EF_void_LCD_print_ByLength
 .text.EF_void_LCD_Clear_Screen
                0x00001f58       0x16 ./HAL/EF_LCD.o
                0x00001f58                EF_void_LCD_Clear_Screen
 .text.EF_void_uploadCustomChar
                0x00001f6e       0x3c ./HAL/EF_LCD.o
                0x00001f6e                EF_void_uploadCustomChar
 .text.EF_void_LCD_HextoASCII
                0x00001faa       0x32 ./HAL/EF_LCD.o
                0x00001faa                EF_void_LCD_HextoASCII
 .text.EF_void_LCD_print_NUM
                0x00001fdc       0x90 ./HAL/EF_LCD.o
                0x00001fdc                EF_void_LCD_print_NUM
 .text.DegreeToDecimal
                0x0000206c      0x160 ./HAL/EF_SkyLabGPS.o
                0x0000206c                DegreeToDecimal
 .text.EF_B_SkyLabGPS_PrintPosition
                0x000021cc      0x1d6 ./HAL/EF_SkyLabGPS.o
                0x000021cc                EF_B_SkyLabGPS_PrintPosition
 .text.EF_B_SkyLabGPS_GetPosition
                0x000023a2      0x164 ./HAL/EF_SkyLabGPS.o
                0x000023a2                EF_B_SkyLabGPS_GetPosition
 .text.EF_B_SkyLabGPS_Init
                0x00002506       0x10 ./HAL/EF_SkyLabGPS.o
                0x00002506                EF_B_SkyLabGPS_Init
 .text.EF_UltraSonic_GetDistance
                0x00002516       0x1c ./HAL/EF_UltraSonic.o
                0x00002516                EF_UltraSonic_GetDistance
 .text.__vector_2
                0x00002532       0xea ./HAL/EF_UltraSonic.o
                0x00002532                __vector_2
 .text.EF_UltraSonic_Init
                0x0000261c       0x3a ./HAL/EF_UltraSonic.o
                0x0000261c                EF_UltraSonic_Init
 .text.CheckMobileNumber
                0x00002656       0x46 ./HAL/EF_Wavecom.o
                0x00002656                CheckMobileNumber
 .text.itoa_Convert
                0x0000269c       0x82 ./HAL/EF_Wavecom.o
                0x0000269c                itoa_Convert
 .text.EF_BOOLEAN_Wavecom_CallRelease
                0x0000271e       0x32 ./HAL/EF_Wavecom.o
                0x0000271e                EF_BOOLEAN_Wavecom_CallRelease
 .text.EF_BOOLEAN_Wavecom_CallAnswer
                0x00002750       0x32 ./HAL/EF_Wavecom.o
                0x00002750                EF_BOOLEAN_Wavecom_CallAnswer
 .text.EF_BOOLEAN_Wavecom_InitCall
                0x00002782       0x84 ./HAL/EF_Wavecom.o
                0x00002782                EF_BOOLEAN_Wavecom_InitCall
 .text.EF_BOOLEAN_Wavecom_InitSms
                0x00002806       0xaa ./HAL/EF_Wavecom.o
                0x00002806                EF_BOOLEAN_Wavecom_InitSms
 .text.EF_BOOLEAN_Wavecom_Call
                0x000028b0       0x74 ./HAL/EF_Wavecom.o
                0x000028b0                EF_BOOLEAN_Wavecom_Call
 .text.EF_BOOLEAN_Wavecom_SendSms
                0x00002924       0xa0 ./HAL/EF_Wavecom.o
                0x00002924                EF_BOOLEAN_Wavecom_SendSms
 .text.EF_S16_Wavecom_ReadSms
                0x000029c4      0x118 ./HAL/EF_Wavecom.o
                0x000029c4                EF_S16_Wavecom_ReadSms
 .text.EF_BOOLEAN_Wavecom_InitModule
                0x00002adc      0x10c ./HAL/EF_Wavecom.o
                0x00002adc                EF_BOOLEAN_Wavecom_InitModule
 .text.LCD_update_time
                0x00002be8       0xee ./main.o
                0x00002be8                LCD_update_time
 .text.main     0x00002cd6       0x9a ./main.o
                0x00002cd6                main
 .text.libgcc   0x00002d70       0x18 c:/winavr-20090313/bin/../lib/gcc/avr/4.3.2/avr5\libgcc.a(_udivmodqi4.o)
                0x00002d70                __udivmodqi4
 .text.libgcc   0x00002d88       0x28 c:/winavr-20090313/bin/../lib/gcc/avr/4.3.2/avr5\libgcc.a(_udivmodhi4.o)
                0x00002d88                __udivmodhi4
 .text.libgcc   0x00002db0       0x26 c:/winavr-20090313/bin/../lib/gcc/avr/4.3.2/avr5\libgcc.a(_divmodhi4.o)
                0x00002db0                __divmodhi4
                0x00002db0                _div
 .text.libgcc   0x00002dd6       0x44 c:/winavr-20090313/bin/../lib/gcc/avr/4.3.2/avr5\libgcc.a(_udivmodsi4.o)
                0x00002dd6                __udivmodsi4
 .text.libgcc   0x00002e1a        0x0 c:/winavr-20090313/bin/../lib/gcc/avr/4.3.2/avr5\libgcc.a(_exit.o)
 .text.libgcc   0x00002e1a        0x0 c:/winavr-20090313/bin/../lib/gcc/avr/4.3.2/avr5\libgcc.a(_copy_data.o)
 .text.libgcc   0x00002e1a        0x0 c:/winavr-20090313/bin/../lib/gcc/avr/4.3.2/avr5\libgcc.a(_clear_bss.o)
 .text.libgcc   0x00002e1a       0x38 c:/winavr-20090313/bin/../lib/gcc/avr/4.3.2/avr5\libgcc.a(_prologue.o)
                0x00002e1a                __prologue_saves__
 .text.libgcc   0x00002e52       0x36 c:/winavr-20090313/bin/../lib/gcc/avr/4.3.2/avr5\libgcc.a(_epilogue.o)
                0x00002e52                __epilogue_restores__
                0x00002e88                . = ALIGN (0x2)
 *(.fini9)
 .fini9         0x00002e88        0x0 c:/winavr-20090313/bin/../lib/gcc/avr/4.3.2/avr5\libgcc.a(_exit.o)
                0x00002e88                exit
                0x00002e88                _exit
 *(.fini9)
 *(.fini8)
 *(.fini8)
 *(.fini7)
 *(.fini7)
 *(.fini6)
 *(.fini6)
 *(.fini5)
 *(.fini5)
 *(.fini4)
 *(.fini4)
 *(.fini3)
 *(.fini3)
 *(.fini2)
 *(.fini2)
 *(.fini1)
 *(.fini1)
 *(.fini0)
 .fini0         0x00002e88        0x4 c:/winavr-20090313/bin/../lib/gcc/avr/4.3.2/avr5\libgcc.a(_exit.o)
 *(.fini0)
                0x00002e8c                _etext = .

.data           0x00800060      0x45e load address 0x00002e8c
                0x00800060                PROVIDE (__data_start, .)
 *(.data)
 .data          0x00800060        0x0 c:/winavr-20090313/bin/../lib/gcc/avr/4.3.2/../../../../avr/lib/avr5/crtm32.o
 .data          0x00800060        0x0 ./MCAL/EF_ADC.o
 .data          0x00800060        0x0 ./MCAL/EF_DIO.o
 .data          0x00800060        0x0 ./MCAL/EF_EEPROM.o
 .data          0x00800060        0x0 ./MCAL/EF_I2C.o
 .data          0x00800060        0x0 ./MCAL/EF_InputCapture.o
 .data          0x00800060        0x0 ./MCAL/EF_PWM.o
 .data          0x00800060        0x0 ./MCAL/EF_SPI.o
 .data          0x00800060        0x0 ./MCAL/EF_SpechialTIMER.o
 .data          0x00800060        0x0 ./MCAL/EF_Timer.o
 .data          0x00800060        0x0 ./MCAL/EF_UART.o
 .data          0x00800060        0x0 ./HAL/EF_7Segment.o
 .data          0x00800060        0x0 ./HAL/EF_DS1307.o
 .data          0x00800060        0x0 ./HAL/EF_E2PROM_24C16.o
 .data          0x00800060        0x0 ./HAL/EF_Keypad.o
 .data          0x00800060        0x0 ./HAL/EF_LCD.o
 .data          0x00800060       0x15 ./HAL/EF_SkyLabGPS.o
 .data          0x00800075        0x0 ./HAL/EF_UltraSonic.o
 .data          0x00800075        0x0 ./HAL/EF_Wavecom.o
 .data          0x00800075        0xd ./main.o
 .data          0x00800082        0x0 c:/winavr-20090313/bin/../lib/gcc/avr/4.3.2/avr5\libgcc.a(_udivmodqi4.o)
 .data          0x00800082        0x0 c:/winavr-20090313/bin/../lib/gcc/avr/4.3.2/avr5\libgcc.a(_udivmodhi4.o)
 .data          0x00800082        0x0 c:/winavr-20090313/bin/../lib/gcc/avr/4.3.2/avr5\libgcc.a(_divmodhi4.o)
 .data          0x00800082        0x0 c:/winavr-20090313/bin/../lib/gcc/avr/4.3.2/avr5\libgcc.a(_udivmodsi4.o)
 .data          0x00800082        0x0 c:/winavr-20090313/bin/../lib/gcc/avr/4.3.2/avr5\libgcc.a(_exit.o)
 .data          0x00800082        0x0 c:/winavr-20090313/bin/../lib/gcc/avr/4.3.2/avr5\libgcc.a(_copy_data.o)
 .data          0x00800082        0x0 c:/winavr-20090313/bin/../lib/gcc/avr/4.3.2/avr5\libgcc.a(_clear_bss.o)
 .data          0x00800082        0x0 c:/winavr-20090313/bin/../lib/gcc/avr/4.3.2/avr5\libgcc.a(_fixunssfsi.o)
 .data          0x00800082        0x0 c:/winavr-20090313/bin/../lib/gcc/avr/4.3.2/avr5\libgcc.a(_addsub_sf.o)
 .data          0x00800082        0x0 c:/winavr-20090313/bin/../lib/gcc/avr/4.3.2/avr5\libgcc.a(_mul_sf.o)
 .data          0x00800082        0x0 c:/winavr-20090313/bin/../lib/gcc/avr/4.3.2/avr5\libgcc.a(_div_sf.o)
 .data          0x00800082        0x0 c:/winavr-20090313/bin/../lib/gcc/avr/4.3.2/avr5\libgcc.a(_ge_sf.o)
 .data          0x00800082        0x0 c:/winavr-20090313/bin/../lib/gcc/avr/4.3.2/avr5\libgcc.a(_sf_to_si.o)
 .data          0x00800082        0x8 c:/winavr-20090313/bin/../lib/gcc/avr/4.3.2/avr5\libgcc.a(_thenan_sf.o)
                0x00800082                __thenan_sf
 .data          0x0080008a        0x0 c:/winavr-20090313/bin/../lib/gcc/avr/4.3.2/avr5\libgcc.a(_usi_to_sf.o)
 .data          0x0080008a        0x0 c:/winavr-20090313/bin/../lib/gcc/avr/4.3.2/avr5\libgcc.a(_prologue.o)
 .data          0x0080008a        0x0 c:/winavr-20090313/bin/../lib/gcc/avr/4.3.2/avr5\libgcc.a(_epilogue.o)
 .data          0x0080008a        0x0 c:/winavr-20090313/bin/../lib/gcc/avr/4.3.2/avr5\libgcc.a(_clzsi2.o)
 .data          0x0080008a        0x0 c:/winavr-20090313/bin/../lib/gcc/avr/4.3.2/avr5\libgcc.a(_pack_sf.o)
 .data          0x0080008a        0x0 c:/winavr-20090313/bin/../lib/gcc/avr/4.3.2/avr5\libgcc.a(_unpack_sf.o)
 .data          0x0080008a        0x0 c:/winavr-20090313/bin/../lib/gcc/avr/4.3.2/avr5\libgcc.a(_fpcmp_parts_sf.o)
 .data          0x0080008a      0x100 c:/winavr-20090313/bin/../lib/gcc/avr/4.3.2/avr5\libgcc.a(_clz.o)
                0x0080008a                __clz_tab
 .data          0x0080018a        0x0 c:/winavr-20090313/bin/../lib/gcc/avr/4.3.2/../../../../avr/lib/avr5\libc.a(strncmp.o)
 .data          0x0080018a        0x0 c:/winavr-20090313/bin/../lib/gcc/avr/4.3.2/../../../../avr/lib/avr5\libc.a(itoa.o)
 .data          0x0080018a        0x0 c:/winavr-20090313/bin/../lib/gcc/avr/4.3.2/../../../../avr/lib/avr5\libc.a(strrev.o)
 *(.data*)
 .data.uart_cfg.1553
                0x0080018a        0xb ./HAL/EF_SkyLabGPS.o
 .data.Rising_flag.1591
                0x00800195        0x1 ./HAL/EF_UltraSonic.o
 .data.uart_cfg
                0x00800196        0xb ./HAL/EF_Wavecom.o
                0x00800196                uart_cfg
 *(.rodata)
 *(.rodata*)
 .rodata.uart_reg
                0x008001a1        0xc ./MCAL/EF_UART.o
                0x008001a1                uart_reg
 .rodata.ClockCycleTime_uS
                0x008001ad        0x4 ./HAL/EF_UltraSonic.o
                0x008001ad                ClockCycleTime_uS
 .rodata.Command_Array
                0x008001b1      0x2b2 ./HAL/EF_Wavecom.o
                0x008001b1                Command_Array
 .rodata.ReadListSmsTypesArray
                0x00800463       0x5a ./HAL/EF_Wavecom.o
                0x00800463                ReadListSmsTypesArray
 *(.gnu.linkonce.d*)
                0x008004be                . = ALIGN (0x2)
 *fill*         0x008004bd        0x1 00
                0x008004be                _edata = .
                0x008004be                PROVIDE (__data_end, .)

.bss            0x008004be       0xf0
                0x008004be                PROVIDE (__bss_start, .)
 *(.bss)
 .bss           0x008004be        0x0 c:/winavr-20090313/bin/../lib/gcc/avr/4.3.2/../../../../avr/lib/avr5/crtm32.o
 .bss           0x008004be        0x0 ./MCAL/EF_ADC.o
 .bss           0x008004be        0x0 ./MCAL/EF_DIO.o
 .bss           0x008004be        0x0 ./MCAL/EF_EEPROM.o
 .bss           0x008004be        0x0 ./MCAL/EF_I2C.o
 .bss           0x008004be        0x0 ./MCAL/EF_InputCapture.o
 .bss           0x008004be        0x0 ./MCAL/EF_PWM.o
 .bss           0x008004be        0x0 ./MCAL/EF_SPI.o
 .bss           0x008004be        0x0 ./MCAL/EF_SpechialTIMER.o
 .bss           0x008004be        0x0 ./MCAL/EF_Timer.o
 .bss           0x008004be        0x0 ./MCAL/EF_UART.o
 .bss           0x008004be        0x0 ./HAL/EF_7Segment.o
 .bss           0x008004be        0x0 ./HAL/EF_DS1307.o
 .bss           0x008004be        0x0 ./HAL/EF_E2PROM_24C16.o
 .bss           0x008004be        0x0 ./HAL/EF_Keypad.o
 .bss           0x008004be        0x0 ./HAL/EF_LCD.o
 .bss           0x008004be        0x0 ./HAL/EF_SkyLabGPS.o
 .bss           0x008004be        0x0 ./HAL/EF_UltraSonic.o
 .bss           0x008004be        0x0 ./HAL/EF_Wavecom.o
 .bss           0x008004be        0x0 ./main.o
 .bss           0x008004be        0x0 c:/winavr-20090313/bin/../lib/gcc/avr/4.3.2/avr5\libgcc.a(_udivmodqi4.o)
 .bss           0x008004be        0x0 c:/winavr-20090313/bin/../lib/gcc/avr/4.3.2/avr5\libgcc.a(_udivmodhi4.o)
 .bss           0x008004be        0x0 c:/winavr-20090313/bin/../lib/gcc/avr/4.3.2/avr5\libgcc.a(_divmodhi4.o)
 .bss           0x008004be        0x0 c:/winavr-20090313/bin/../lib/gcc/avr/4.3.2/avr5\libgcc.a(_udivmodsi4.o)
 .bss           0x008004be        0x0 c:/winavr-20090313/bin/../lib/gcc/avr/4.3.2/avr5\libgcc.a(_exit.o)
 .bss           0x008004be        0x0 c:/winavr-20090313/bin/../lib/gcc/avr/4.3.2/avr5\libgcc.a(_copy_data.o)
 .bss           0x008004be        0x0 c:/winavr-20090313/bin/../lib/gcc/avr/4.3.2/avr5\libgcc.a(_clear_bss.o)
 .bss           0x008004be        0x0 c:/winavr-20090313/bin/../lib/gcc/avr/4.3.2/avr5\libgcc.a(_fixunssfsi.o)
 .bss           0x008004be        0x0 c:/winavr-20090313/bin/../lib/gcc/avr/4.3.2/avr5\libgcc.a(_addsub_sf.o)
 .bss           0x008004be        0x0 c:/winavr-20090313/bin/../lib/gcc/avr/4.3.2/avr5\libgcc.a(_mul_sf.o)
 .bss           0x008004be        0x0 c:/winavr-20090313/bin/../lib/gcc/avr/4.3.2/avr5\libgcc.a(_div_sf.o)
 .bss           0x008004be        0x0 c:/winavr-20090313/bin/../lib/gcc/avr/4.3.2/avr5\libgcc.a(_ge_sf.o)
 .bss           0x008004be        0x0 c:/winavr-20090313/bin/../lib/gcc/avr/4.3.2/avr5\libgcc.a(_sf_to_si.o)
 .bss           0x008004be        0x0 c:/winavr-20090313/bin/../lib/gcc/avr/4.3.2/avr5\libgcc.a(_thenan_sf.o)
 .bss           0x008004be        0x0 c:/winavr-20090313/bin/../lib/gcc/avr/4.3.2/avr5\libgcc.a(_usi_to_sf.o)
 .bss           0x008004be        0x0 c:/winavr-20090313/bin/../lib/gcc/avr/4.3.2/avr5\libgcc.a(_prologue.o)
 .bss           0x008004be        0x0 c:/winavr-20090313/bin/../lib/gcc/avr/4.3.2/avr5\libgcc.a(_epilogue.o)
 .bss           0x008004be        0x0 c:/winavr-20090313/bin/../lib/gcc/avr/4.3.2/avr5\libgcc.a(_clzsi2.o)
 .bss           0x008004be        0x0 c:/winavr-20090313/bin/../lib/gcc/avr/4.3.2/avr5\libgcc.a(_pack_sf.o)
 .bss           0x008004be        0x0 c:/winavr-20090313/bin/../lib/gcc/avr/4.3.2/avr5\libgcc.a(_unpack_sf.o)
 .bss           0x008004be        0x0 c:/winavr-20090313/bin/../lib/gcc/avr/4.3.2/avr5\libgcc.a(_fpcmp_parts_sf.o)
 .bss           0x008004be        0x0 c:/winavr-20090313/bin/../lib/gcc/avr/4.3.2/avr5\libgcc.a(_clz.o)
 .bss           0x008004be        0x0 c:/winavr-20090313/bin/../lib/gcc/avr/4.3.2/../../../../avr/lib/avr5\libc.a(strncmp.o)
 .bss           0x008004be        0x0 c:/winavr-20090313/bin/../lib/gcc/avr/4.3.2/../../../../avr/lib/avr5\libc.a(itoa.o)
 .bss           0x008004be        0x0 c:/winavr-20090313/bin/../lib/gcc/avr/4.3.2/../../../../avr/lib/avr5\libc.a(strrev.o)
 *(.bss*)
 .bss.timers_list
                0x008004be       0x3c ./MCAL/EF_SpechialTIMER.o
 .bss.voidFuncPtr
                0x008004fa        0x2 ./MCAL/EF_Timer.o
 .bss.RxBuffer  0x008004fc       0x64 ./HAL/EF_SkyLabGPS.o
                0x008004fc                RxBuffer
 .bss.NumOfTimerTicks
                0x00800560        0x2 ./HAL/EF_UltraSonic.o
                0x00800560                NumOfTimerTicks
 .bss.PulseTime_uS
                0x00800562        0x2 ./HAL/EF_UltraSonic.o
                0x00800562                PulseTime_uS
 .bss.PulseDistance_Cm
                0x00800564        0x2 ./HAL/EF_UltraSonic.o
                0x00800564                PulseDistance_Cm
 .bss.string1   0x00800566        0x5 ./HAL/EF_UltraSonic.o
                0x00800566                string1
 .bss.gSmsReadyFlag
                0x0080056b        0x1 ./main.o
                0x0080056b                gSmsReadyFlag
 .bss.gRX_SMS   0x0080056c       0x32 ./main.o
                0x0080056c                gRX_SMS
 .bss.gNumberOfRxBytes
                0x0080059e        0x2 ./main.o
                0x0080059e                gNumberOfRxBytes
 .bss.u8Counter
                0x008005a0        0x1 ./main.o
                0x008005a0                u8Counter
 .bss.u16DigitalValue
                0x008005a1        0x2 ./main.o
                0x008005a1                u16DigitalValue
 *(COMMON)
 COMMON         0x008005a3        0x1 ./HAL/EF_SkyLabGPS.o
                0x008005a3                ReturnFromGetPosition
 COMMON         0x008005a4        0xa ./main.o
                0x008005a4                Hours
                0x008005a5                string
                0x008005aa                temp
                0x008005ac                Mintes
                0x008005ad                Seconds
                0x008005ae                PROVIDE (__bss_end, .)
                0x00002e8c                __data_load_start = LOADADDR (.data)
                0x000032ea                __data_load_end = (__data_load_start + SIZEOF (.data))

.noinit         0x008005ae        0x0
                0x008005ae                PROVIDE (__noinit_start, .)
 *(.noinit*)
                0x008005ae                PROVIDE (__noinit_end, .)
                0x008005ae                _end = .
                0x008005ae                PROVIDE (__heap_start, .)

.eeprom         0x00810000        0x0
 *(.eeprom*)
                0x00810000                __eeprom_end = .

.fuse
 *(.fuse)
 *(.lfuse)
 *(.hfuse)
 *(.efuse)

.lock
 *(.lock*)

.signature
 *(.signature*)

.stab
 *(.stab)

.stabstr
 *(.stabstr)

.stab.excl
 *(.stab.excl)

.stab.exclstr
 *(.stab.exclstr)

.stab.index
 *(.stab.index)

.stab.indexstr
 *(.stab.indexstr)

.comment
 *(.comment)

.debug
 *(.debug)

.line
 *(.line)

.debug_srcinfo
 *(.debug_srcinfo)

.debug_sfnames
 *(.debug_sfnames)

.debug_aranges
 *(.debug_aranges)

.debug_pubnames
 *(.debug_pubnames)

.debug_info
 *(.debug_info)
 *(.gnu.linkonce.wi.*)

.debug_abbrev
 *(.debug_abbrev)

.debug_line
 *(.debug_line)

.debug_frame
 *(.debug_frame)

.debug_str
 *(.debug_str)

.debug_loc
 *(.debug_loc)

.debug_macinfo
 *(.debug_macinfo)
OUTPUT(RedKitDrivers.elf elf32-avr)
LOAD linker stubs
